--------------- Clean Started: 04/03/2026 19:50:56 Project: ReactionWheel, Configuration: ARM GCC 5.4-2016-q2-update Debug ---------------
Deleting file ".\CortexM0\ARM_GCC_541\Debug\main.o"
Deleting file ".\CortexM0\ARM_GCC_541\Debug\cyfitter_cfg.o"
Deleting file ".\CortexM0\ARM_GCC_541\Debug\cymetadata.o"
Deleting file ".\CortexM0\ARM_GCC_541\Debug\IN_1.o"
Deleting file ".\CortexM0\ARM_GCC_541\Debug\IN_1_PM.o"
Deleting file ".\CortexM0\ARM_GCC_541\Debug\IN_Clock.o"
Deleting file ".\CortexM0\ARM_GCC_541\Debug\IN_2.o"
Deleting file ".\CortexM0\ARM_GCC_541\Debug\IN_2_PM.o"
Deleting file ".\CortexM0\ARM_GCC_541\Debug\IN_3.o"
Deleting file ".\CortexM0\ARM_GCC_541\Debug\IN_3_PM.o"
Deleting file ".\CortexM0\ARM_GCC_541\Debug\IN_1_Out.o"
Deleting file ".\CortexM0\ARM_GCC_541\Debug\IN_1_Out_PM.o"
Deleting file ".\CortexM0\ARM_GCC_541\Debug\IN_2_Out.o"
Deleting file ".\CortexM0\ARM_GCC_541\Debug\IN_2_Out_PM.o"
Deleting file ".\CortexM0\ARM_GCC_541\Debug\IN_3_Out.o"
Deleting file ".\CortexM0\ARM_GCC_541\Debug\IN_3_Out_PM.o"
Deleting file ".\CortexM0\ARM_GCC_541\Debug\EN_PIN.o"
Deleting file ".\CortexM0\ARM_GCC_541\Debug\EN_PIN_PM.o"
Deleting file ".\CortexM0\ARM_GCC_541\Debug\I2C.o"
Deleting file ".\CortexM0\ARM_GCC_541\Debug\I2C_I2C_INT.o"
Deleting file ".\CortexM0\ARM_GCC_541\Debug\I2C_I2C.o"
Deleting file ".\CortexM0\ARM_GCC_541\Debug\I2C_I2C_BOOT.o"
Deleting file ".\CortexM0\ARM_GCC_541\Debug\I2C_I2C_MASTER.o"
Deleting file ".\CortexM0\ARM_GCC_541\Debug\I2C_PM.o"
Deleting file ".\CortexM0\ARM_GCC_541\Debug\I2C_BOOT.o"
Deleting file ".\CortexM0\ARM_GCC_541\Debug\UART.o"
Deleting file ".\CortexM0\ARM_GCC_541\Debug\UART_SPI_UART.o"
Deleting file ".\CortexM0\ARM_GCC_541\Debug\UART_SPI_UART_INT.o"
Deleting file ".\CortexM0\ARM_GCC_541\Debug\UART_PM.o"
Deleting file ".\CortexM0\ARM_GCC_541\Debug\UART_UART.o"
Deleting file ".\CortexM0\ARM_GCC_541\Debug\UART_BOOT.o"
Deleting file ".\CortexM0\ARM_GCC_541\Debug\UART_UART_BOOT.o"
Deleting file ".\CortexM0\ARM_GCC_541\Debug\I2C_SCBCLK.o"
Deleting file ".\CortexM0\ARM_GCC_541\Debug\I2C_sda.o"
Deleting file ".\CortexM0\ARM_GCC_541\Debug\I2C_sda_PM.o"
Deleting file ".\CortexM0\ARM_GCC_541\Debug\I2C_scl.o"
Deleting file ".\CortexM0\ARM_GCC_541\Debug\I2C_scl_PM.o"
Deleting file ".\CortexM0\ARM_GCC_541\Debug\I2C_SCB_IRQ.o"
Deleting file ".\CortexM0\ARM_GCC_541\Debug\UART_SCBCLK.o"
Deleting file ".\CortexM0\ARM_GCC_541\Debug\UART_tx.o"
Deleting file ".\CortexM0\ARM_GCC_541\Debug\UART_tx_PM.o"
Deleting file ".\CortexM0\ARM_GCC_541\Debug\UART_rx.o"
Deleting file ".\CortexM0\ARM_GCC_541\Debug\UART_rx_PM.o"
Deleting file ".\CortexM0\ARM_GCC_541\Debug\Cm0Start.o"
Deleting file ".\CortexM0\ARM_GCC_541\Debug\CyFlash.o"
Deleting file ".\CortexM0\ARM_GCC_541\Debug\CyLib.o"
Deleting file ".\CortexM0\ARM_GCC_541\Debug\cyPm.o"
Deleting file ".\CortexM0\ARM_GCC_541\Debug\cyutils.o"
Deleting file ".\CortexM0\ARM_GCC_541\Debug\CyBootAsmGnu.o"
Deleting file ".\CortexM0\ARM_GCC_541\Debug\CyDMA.o"
Deleting file ".\CortexM0\ARM_GCC_541\Debug\CyLFClk.o"
Deleting file ".\CortexM0\ARM_GCC_541\Debug\cy_em_eeprom.o"
Deleting file ".\CortexM0\ARM_GCC_541\Debug\ReactionWheel.hex"
Deleting file ".\CortexM0\ARM_GCC_541\Debug\ReactionWheel.elf"
Deleting file ".\CortexM0\ARM_GCC_541\Debug\ReactionWheel.map"
Deleting file ".\ReactionWheel.cycdx"
Deleting file ".\ReactionWheel.svd"
Deleting file ".\ReactionWheel.rpt"
Deleting file ".\ReactionWheel_timing.html"
Deleting file ".\CortexM0\ARM_GCC_541\Debug\.deps\SOURCE_C__ARM_GCC_GENERIC.P"
Deleting file ".\CortexM0\ARM_GCC_541\Debug\.deps\SOURCE_ASM__ARM_GCC_GENERIC.P"
--------------- Clean Succeeded: 04/03/2026 19:50:56 ---------------
